<html>
<body>
<pre>
<h1>µVision Build Log</h1>
<h2>Project:</h2>
C:\Users\lichao.wang\Documents\GitHub\DJI_Onboard_API_STM32_keil_Sample\Project\M100_STM32_DEMO.uvproj
Project File Date:  07/27/2015

<h2>Output:</h2>
Build target 'M100_STM32_DEMO'
compiling main.c...
compiling stm32f10x_it.c...
compiling system_stm32f10x.c...
compiling key.c...
compiling lcd.c...
compiling led.c...
compiling delay.c...
compiling sys.c...
compiling usart.c...
compiling core_cm3.c...
assembling startup_stm32f10x_hd.s...
compiling misc.c...
compiling stm32f10x_gpio.c...
compiling stm32f10x_rcc.c...
compiling stm32f10x_usart.c...
compiling stm32f10x_fsmc.c...
compiling DJI_Pro_App.c...
compiling DJI_Pro_Codec.c...
compiling DJI_Pro_Link.c...
compiling DJI_Pro_Test.c...
linking...
Program Size: Code=28306 RO-data=4110 RW-data=1676 ZI-data=20404  
FromELF: creating hex file...
"..\Obj\M100_STM32_DEMO.axf" - 0 Errors, 0 Warning(s).
Build target 'M100_STM32_DEMO'
compiling main.c...
linking...
Program Size: Code=28286 RO-data=4114 RW-data=1676 ZI-data=20404  
FromELF: creating hex file...
"..\Obj\M100_STM32_DEMO.axf" - 0 Errors, 0 Warning(s).
Clean started: Project: 'M100_STM32_DEMO'
   deleting intermediate output files for target 'M100_STM32_DEMO'
Build target 'M100_STM32_DEMO'
compiling main.c...
compiling stm32f10x_it.c...
compiling system_stm32f10x.c...
compiling key.c...
compiling lcd.c...
compiling led.c...
compiling delay.c...
compiling sys.c...
compiling usart.c...
compiling core_cm3.c...
assembling startup_stm32f10x_hd.s...
compiling misc.c...
compiling stm32f10x_gpio.c...
compiling stm32f10x_rcc.c...
compiling stm32f10x_usart.c...
compiling stm32f10x_fsmc.c...
compiling DJI_Pro_App.c...
compiling DJI_Pro_Codec.c...
compiling DJI_Pro_Link.c...
compiling DJI_Pro_Test.c...
linking...
Program Size: Code=28286 RO-data=4114 RW-data=1676 ZI-data=20404  
FromELF: creating hex file...
"..\Obj\M100_STM32_DEMO.axf" - 0 Errors, 0 Warning(s).
Clean started: Project: 'M100_STM32_DEMO'
   deleting intermediate output files for target 'M100_STM32_DEMO'
